// Jest Snapshot v1, https://goo.gl/fbAQLP

exports[`should parse entity values v3.7 1`] = `
[
  {
    "entity": {
      "counter": false,
      "fullName": "reset",
      "literals": [
        "-",
        "maintenance",
        "error",
        "history",
        "message",
      ],
      "max": undefined,
      "min": undefined,
      "shortName": "reset",
      "type": "enum",
      "unit": undefined,
      "writable": true,
    },
    "shortName": "reset",
    "value": undefined,
  },
  {
    "entity": {
      "counter": false,
      "fullName": "force heating off",
      "literals": undefined,
      "max": undefined,
      "min": undefined,
      "shortName": "heatingoff",
      "type": "boolean",
      "unit": undefined,
      "writable": true,
    },
    "shortName": "heatingoff",
    "value": false,
  },
  {
    "entity": {
      "counter": false,
      "fullName": "heating active",
      "literals": undefined,
      "max": undefined,
      "min": undefined,
      "shortName": "heatingactive",
      "type": "boolean",
      "unit": undefined,
      "writable": false,
    },
    "shortName": "heatingactive",
    "value": false,
  },
  {
    "entity": {
      "counter": false,
      "fullName": "tapwater active",
      "literals": undefined,
      "max": undefined,
      "min": undefined,
      "shortName": "tapwateractive",
      "type": "boolean",
      "unit": undefined,
      "writable": false,
    },
    "shortName": "tapwateractive",
    "value": false,
  },
  {
    "entity": {
      "counter": false,
      "fullName": "selected flow temperature",
      "literals": undefined,
      "max": 90,
      "min": 0,
      "shortName": "selflowtemp",
      "type": "number",
      "unit": "°C",
      "writable": true,
    },
    "shortName": "selflowtemp",
    "value": 7,
  },
  {
    "entity": {
      "counter": false,
      "fullName": "heating pump modulation",
      "literals": undefined,
      "max": undefined,
      "min": undefined,
      "shortName": "heatingpumpmod",
      "type": "number",
      "unit": "%",
      "writable": false,
    },
    "shortName": "heatingpumpmod",
    "value": 0,
  },
  {
    "entity": {
      "counter": false,
      "fullName": "outside temperature",
      "literals": undefined,
      "max": undefined,
      "min": undefined,
      "shortName": "outdoortemp",
      "type": "number",
      "unit": "°C",
      "writable": false,
    },
    "shortName": "outdoortemp",
    "value": undefined,
  },
  {
    "entity": {
      "counter": false,
      "fullName": "current flow temperature",
      "literals": undefined,
      "max": undefined,
      "min": undefined,
      "shortName": "curflowtemp",
      "type": "number",
      "unit": "°C",
      "writable": false,
    },
    "shortName": "curflowtemp",
    "value": 51.8,
  },
  {
    "entity": {
      "counter": false,
      "fullName": "return temperature",
      "literals": undefined,
      "max": undefined,
      "min": undefined,
      "shortName": "rettemp",
      "type": "number",
      "unit": "°C",
      "writable": false,
    },
    "shortName": "rettemp",
    "value": 56.1,
  },
  {
    "entity": {
      "counter": false,
      "fullName": "mixing switch temperature",
      "literals": undefined,
      "max": undefined,
      "min": undefined,
      "shortName": "switchtemp",
      "type": "number",
      "unit": "°C",
      "writable": false,
    },
    "shortName": "switchtemp",
    "value": 0,
  },
  {
    "entity": {
      "counter": false,
      "fullName": "system pressure",
      "literals": undefined,
      "max": undefined,
      "min": undefined,
      "shortName": "syspress",
      "type": "number",
      "unit": "bar",
      "writable": false,
    },
    "shortName": "syspress",
    "value": 0.9,
  },
  {
    "entity": {
      "counter": false,
      "fullName": "actual boiler temperature",
      "literals": undefined,
      "max": undefined,
      "min": undefined,
      "shortName": "boiltemp",
      "type": "number",
      "unit": "°C",
      "writable": false,
    },
    "shortName": "boiltemp",
    "value": 60.5,
  },
  {
    "entity": {
      "counter": false,
      "fullName": "low loss header",
      "literals": undefined,
      "max": undefined,
      "min": undefined,
      "shortName": "headertemp",
      "type": "number",
      "unit": "°C",
      "writable": false,
    },
    "shortName": "headertemp",
    "value": undefined,
  },
  {
    "entity": {
      "counter": false,
      "fullName": "exhaust temperature",
      "literals": undefined,
      "max": undefined,
      "min": undefined,
      "shortName": "exhausttemp",
      "type": "number",
      "unit": "°C",
      "writable": false,
    },
    "shortName": "exhausttemp",
    "value": undefined,
  },
  {
    "entity": {
      "counter": false,
      "fullName": "gas",
      "literals": undefined,
      "max": undefined,
      "min": undefined,
      "shortName": "burngas",
      "type": "boolean",
      "unit": undefined,
      "writable": false,
    },
    "shortName": "burngas",
    "value": false,
  },
  {
    "entity": {
      "counter": false,
      "fullName": "gas stage 2",
      "literals": undefined,
      "max": undefined,
      "min": undefined,
      "shortName": "burngas2",
      "type": "boolean",
      "unit": undefined,
      "writable": false,
    },
    "shortName": "burngas2",
    "value": false,
  },
  {
    "entity": {
      "counter": false,
      "fullName": "flame current",
      "literals": undefined,
      "max": undefined,
      "min": undefined,
      "shortName": "flamecurr",
      "type": "number",
      "unit": "µA",
      "writable": false,
    },
    "shortName": "flamecurr",
    "value": 0,
  },
  {
    "entity": {
      "counter": false,
      "fullName": "fan",
      "literals": undefined,
      "max": undefined,
      "min": undefined,
      "shortName": "fanwork",
      "type": "boolean",
      "unit": undefined,
      "writable": false,
    },
    "shortName": "fanwork",
    "value": false,
  },
  {
    "entity": {
      "counter": false,
      "fullName": "ignition",
      "literals": undefined,
      "max": undefined,
      "min": undefined,
      "shortName": "ignwork",
      "type": "boolean",
      "unit": undefined,
      "writable": false,
    },
    "shortName": "ignwork",
    "value": false,
  },
  {
    "entity": {
      "counter": false,
      "fullName": "oil preheating",
      "literals": undefined,
      "max": undefined,
      "min": undefined,
      "shortName": "oilpreheat",
      "type": "boolean",
      "unit": undefined,
      "writable": false,
    },
    "shortName": "oilpreheat",
    "value": false,
  },
  {
    "entity": {
      "counter": false,
      "fullName": "burner min power",
      "literals": undefined,
      "max": 100,
      "min": 0,
      "shortName": "burnminpower",
      "type": "number",
      "unit": "%",
      "writable": true,
    },
    "shortName": "burnminpower",
    "value": 0,
  },
  {
    "entity": {
      "counter": false,
      "fullName": "burner max power",
      "literals": undefined,
      "max": 100,
      "min": 17,
      "shortName": "burnmaxpower",
      "type": "number",
      "unit": "%",
      "writable": true,
    },
    "shortName": "burnmaxpower",
    "value": 80,
  },
  {
    "entity": {
      "counter": false,
      "fullName": "burner min period",
      "literals": undefined,
      "max": 120,
      "min": 0,
      "shortName": "burnminperiod",
      "type": "number",
      "unit": "minutes",
      "writable": true,
    },
    "shortName": "burnminperiod",
    "value": 10,
  },
  {
    "entity": {
      "counter": false,
      "fullName": "burner current power (absolute)",
      "literals": undefined,
      "max": undefined,
      "min": undefined,
      "shortName": "absburnpow",
      "type": "number",
      "unit": "%",
      "writable": false,
    },
    "shortName": "absburnpow",
    "value": undefined,
  },
  {
    "entity": {
      "counter": false,
      "fullName": "heating block",
      "literals": undefined,
      "max": undefined,
      "min": undefined,
      "shortName": "heatblock",
      "type": "number",
      "unit": "°C",
      "writable": false,
    },
    "shortName": "heatblock",
    "value": undefined,
  },
  {
    "entity": {
      "counter": false,
      "fullName": "hysteresis on temperature",
      "literals": undefined,
      "max": 0,
      "min": -20,
      "shortName": "boilhyston",
      "type": "number",
      "unit": "°C",
      "writable": true,
    },
    "shortName": "boilhyston",
    "value": -6,
  },
  {
    "entity": {
      "counter": false,
      "fullName": "hysteresis off temperature",
      "literals": undefined,
      "max": 20,
      "min": 0,
      "shortName": "boilhystoff",
      "type": "number",
      "unit": "°C",
      "writable": true,
    },
    "shortName": "boilhystoff",
    "value": 6,
  },
  {
    "entity": {
      "counter": false,
      "fullName": "hysteresis stage 2 on temperature",
      "literals": undefined,
      "max": 0,
      "min": -20,
      "shortName": "boil2hyston",
      "type": "number",
      "unit": "°C",
      "writable": true,
    },
    "shortName": "boil2hyston",
    "value": undefined,
  },
  {
    "entity": {
      "counter": false,
      "fullName": "hysteresis stage 2 off temperature",
      "literals": undefined,
      "max": 20,
      "min": 0,
      "shortName": "boil2hystoff",
      "type": "number",
      "unit": "°C",
      "writable": true,
    },
    "shortName": "boil2hystoff",
    "value": undefined,
  },
  {
    "entity": {
      "counter": false,
      "fullName": "heatingcurve on",
      "literals": undefined,
      "max": undefined,
      "min": undefined,
      "shortName": "curveon",
      "type": "boolean",
      "unit": undefined,
      "writable": true,
    },
    "shortName": "curveon",
    "value": undefined,
  },
  {
    "entity": {
      "counter": false,
      "fullName": "heatingcurve base",
      "literals": undefined,
      "max": 90,
      "min": 20,
      "shortName": "curvebase",
      "type": "number",
      "unit": "°C",
      "writable": true,
    },
    "shortName": "curvebase",
    "value": undefined,
  },
  {
    "entity": {
      "counter": false,
      "fullName": "heatingcurve end",
      "literals": undefined,
      "max": 90,
      "min": 20,
      "shortName": "curveend",
      "type": "number",
      "unit": "°C",
      "writable": true,
    },
    "shortName": "curveend",
    "value": undefined,
  },
  {
    "entity": {
      "counter": false,
      "fullName": "summer temperature",
      "literals": undefined,
      "max": 45,
      "min": 0,
      "shortName": "summertemp",
      "type": "number",
      "unit": "°C",
      "writable": true,
    },
    "shortName": "summertemp",
    "value": undefined,
  },
  {
    "entity": {
      "counter": false,
      "fullName": "nofrost mode",
      "literals": undefined,
      "max": undefined,
      "min": undefined,
      "shortName": "nofrostmode",
      "type": "boolean",
      "unit": undefined,
      "writable": true,
    },
    "shortName": "nofrostmode",
    "value": undefined,
  },
  {
    "entity": {
      "counter": false,
      "fullName": "nofrost temperature",
      "literals": undefined,
      "max": 10,
      "min": 0,
      "shortName": "nofrosttemp",
      "type": "number",
      "unit": "°C",
      "writable": true,
    },
    "shortName": "nofrosttemp",
    "value": undefined,
  },
  {
    "entity": {
      "counter": false,
      "fullName": "heating activated",
      "literals": undefined,
      "max": undefined,
      "min": undefined,
      "shortName": "heatingactivated",
      "type": "boolean",
      "unit": undefined,
      "writable": true,
    },
    "shortName": "heatingactivated",
    "value": true,
  },
  {
    "entity": {
      "counter": false,
      "fullName": "heating temperature",
      "literals": undefined,
      "max": 90,
      "min": 0,
      "shortName": "heatingtemp",
      "type": "number",
      "unit": "°C",
      "writable": true,
    },
    "shortName": "heatingtemp",
    "value": 80,
  },
  {
    "entity": {
      "counter": false,
      "fullName": "heating pump",
      "literals": undefined,
      "max": undefined,
      "min": undefined,
      "shortName": "heatingpump",
      "type": "boolean",
      "unit": undefined,
      "writable": false,
    },
    "shortName": "heatingpump",
    "value": false,
  },
  {
    "entity": {
      "counter": false,
      "fullName": "boiler pump max power",
      "literals": undefined,
      "max": 100,
      "min": 0,
      "shortName": "pumpmodmax",
      "type": "number",
      "unit": "%",
      "writable": true,
    },
    "shortName": "pumpmodmax",
    "value": 100,
  },
  {
    "entity": {
      "counter": false,
      "fullName": "boiler pump min power",
      "literals": undefined,
      "max": 100,
      "min": 0,
      "shortName": "pumpmodmin",
      "type": "number",
      "unit": "%",
      "writable": true,
    },
    "shortName": "pumpmodmin",
    "value": 60,
  },
  {
    "entity": {
      "counter": false,
      "fullName": "boiler pump mode",
      "literals": [
        "proportional",
        "deltaP-1",
        "deltaP-2",
        "deltaP-3",
        "deltaP-4",
      ],
      "max": undefined,
      "min": undefined,
      "shortName": "pumpmode",
      "type": "enum",
      "unit": undefined,
      "writable": true,
    },
    "shortName": "pumpmode",
    "value": "proportional",
  },
  {
    "entity": {
      "counter": false,
      "fullName": "boiler pump characteristic",
      "literals": [
        "proportional",
        "150mbar",
        "200mbar",
        "250mbar",
        "300mbar",
        "350mbar",
        "400mbar",
      ],
      "max": undefined,
      "min": undefined,
      "shortName": "pumpcharacter",
      "type": "enum",
      "unit": undefined,
      "writable": true,
    },
    "shortName": "pumpcharacter",
    "value": undefined,
  },
  {
    "entity": {
      "counter": false,
      "fullName": "pump delay",
      "literals": undefined,
      "max": 60,
      "min": 0,
      "shortName": "pumpdelay",
      "type": "number",
      "unit": "minutes",
      "writable": true,
    },
    "shortName": "pumpdelay",
    "value": 12,
  },
  {
    "entity": {
      "counter": false,
      "fullName": "pump logic temperature",
      "literals": undefined,
      "max": 60,
      "min": 0,
      "shortName": "pumpontemp",
      "type": "number",
      "unit": "°C",
      "writable": true,
    },
    "shortName": "pumpontemp",
    "value": undefined,
  },
  {
    "entity": {
      "counter": false,
      "fullName": "burner selected max power",
      "literals": undefined,
      "max": 114,
      "min": 0,
      "shortName": "selburnpow",
      "type": "number",
      "unit": "%",
      "writable": true,
    },
    "shortName": "selburnpow",
    "value": 0,
  },
  {
    "entity": {
      "counter": false,
      "fullName": "burner current power",
      "literals": undefined,
      "max": undefined,
      "min": undefined,
      "shortName": "curburnpow",
      "type": "number",
      "unit": "%",
      "writable": false,
    },
    "shortName": "curburnpow",
    "value": 0,
  },
  {
    "entity": {
      "counter": false,
      "fullName": "burner starts",
      "literals": undefined,
      "max": undefined,
      "min": undefined,
      "shortName": "burnstarts",
      "type": "number",
      "unit": undefined,
      "writable": false,
    },
    "shortName": "burnstarts",
    "value": 136578,
  },
  {
    "entity": {
      "counter": false,
      "fullName": "total burner operating time",
      "literals": undefined,
      "max": undefined,
      "min": undefined,
      "shortName": "burnworkmin",
      "type": "number",
      "unit": "minutes",
      "writable": false,
    },
    "shortName": "burnworkmin",
    "value": 1189552,
  },
  {
    "entity": {
      "counter": false,
      "fullName": "burner stage 2 operating time",
      "literals": undefined,
      "max": undefined,
      "min": undefined,
      "shortName": "burn2workmin",
      "type": "number",
      "unit": "minutes",
      "writable": false,
    },
    "shortName": "burn2workmin",
    "value": 0,
  },
  {
    "entity": {
      "counter": false,
      "fullName": "total heat operating time",
      "literals": undefined,
      "max": undefined,
      "min": undefined,
      "shortName": "heatworkmin",
      "type": "number",
      "unit": "minutes",
      "writable": false,
    },
    "shortName": "heatworkmin",
    "value": 996630,
  },
  {
    "entity": {
      "counter": false,
      "fullName": "burner starts heating",
      "literals": undefined,
      "max": undefined,
      "min": undefined,
      "shortName": "heatstarts",
      "type": "number",
      "unit": undefined,
      "writable": false,
    },
    "shortName": "heatstarts",
    "value": 107044,
  },
  {
    "entity": {
      "counter": false,
      "fullName": "total UBA operating time",
      "literals": undefined,
      "max": undefined,
      "min": undefined,
      "shortName": "ubauptime",
      "type": "number",
      "unit": "minutes",
      "writable": false,
    },
    "shortName": "ubauptime",
    "value": 8950188,
  },
  {
    "entity": {
      "counter": false,
      "fullName": "last error code",
      "literals": undefined,
      "max": undefined,
      "min": undefined,
      "shortName": "lastcode",
      "type": "string",
      "unit": undefined,
      "writable": false,
    },
    "shortName": "lastcode",
    "value": undefined,
  },
  {
    "entity": {
      "counter": false,
      "fullName": "service code",
      "literals": undefined,
      "max": undefined,
      "min": undefined,
      "shortName": "servicecode",
      "type": "string",
      "unit": undefined,
      "writable": false,
    },
    "shortName": "servicecode",
    "value": "0H",
  },
  {
    "entity": {
      "counter": false,
      "fullName": "service code number",
      "literals": undefined,
      "max": undefined,
      "min": undefined,
      "shortName": "servicecodenumber",
      "type": "number",
      "unit": undefined,
      "writable": false,
    },
    "shortName": "servicecodenumber",
    "value": 203,
  },
  {
    "entity": {
      "counter": false,
      "fullName": "maintenance message",
      "literals": undefined,
      "max": undefined,
      "min": undefined,
      "shortName": "maintenancemessage",
      "type": "string",
      "unit": undefined,
      "writable": false,
    },
    "shortName": "maintenancemessage",
    "value": "H00",
  },
  {
    "entity": {
      "counter": false,
      "fullName": "maintenance scheduled",
      "literals": [
        "off",
        "time",
        "date",
        "manual",
      ],
      "max": undefined,
      "min": undefined,
      "shortName": "maintenance",
      "type": "enum",
      "unit": undefined,
      "writable": true,
    },
    "shortName": "maintenance",
    "value": "off",
  },
  {
    "entity": {
      "counter": false,
      "fullName": "time to next maintenance",
      "literals": undefined,
      "max": 31999,
      "min": 0,
      "shortName": "maintenancetime",
      "type": "number",
      "unit": "hours",
      "writable": true,
    },
    "shortName": "maintenancetime",
    "value": 6000,
  },
  {
    "entity": {
      "counter": false,
      "fullName": "next maintenance date",
      "literals": undefined,
      "max": undefined,
      "min": undefined,
      "shortName": "maintenancedate",
      "type": "string",
      "unit": undefined,
      "writable": true,
    },
    "shortName": "maintenancedate",
    "value": "01.01.2004",
  },
  {
    "entity": {
      "counter": false,
      "fullName": "emergency operation",
      "literals": undefined,
      "max": undefined,
      "min": undefined,
      "shortName": "emergencyops",
      "type": "boolean",
      "unit": undefined,
      "writable": true,
    },
    "shortName": "emergencyops",
    "value": undefined,
  },
  {
    "entity": {
      "counter": false,
      "fullName": "emergency temperature",
      "literals": undefined,
      "max": 70,
      "min": 15,
      "shortName": "emergencytemp",
      "type": "number",
      "unit": "°C",
      "writable": true,
    },
    "shortName": "emergencytemp",
    "value": undefined,
  },
  {
    "entity": {
      "counter": false,
      "fullName": "meter heating",
      "literals": undefined,
      "max": undefined,
      "min": undefined,
      "shortName": "meterheat",
      "type": "number",
      "unit": "kWh",
      "writable": false,
    },
    "shortName": "meterheat",
    "value": undefined,
  },
  {
    "entity": {
      "counter": false,
      "fullName": "dhw meter",
      "literals": undefined,
      "max": undefined,
      "min": undefined,
      "shortName": "meter",
      "type": "number",
      "unit": "kWh",
      "writable": false,
    },
    "shortName": "dhw.meter",
    "value": undefined,
  },
  {
    "entity": {
      "counter": false,
      "fullName": "gas meter heating",
      "literals": undefined,
      "max": undefined,
      "min": undefined,
      "shortName": "gasmeterheat",
      "type": "number",
      "unit": "kWh",
      "writable": false,
    },
    "shortName": "gasmeterheat",
    "value": undefined,
  },
  {
    "entity": {
      "counter": false,
      "fullName": "dhw gas meter",
      "literals": undefined,
      "max": undefined,
      "min": undefined,
      "shortName": "gasmeter",
      "type": "number",
      "unit": "kWh",
      "writable": false,
    },
    "shortName": "dhw.gasmeter",
    "value": undefined,
  },
  {
    "entity": {
      "counter": false,
      "fullName": "energy heating 2",
      "literals": undefined,
      "max": undefined,
      "min": undefined,
      "shortName": "nrgheat2",
      "type": "number",
      "unit": "kWh",
      "writable": false,
    },
    "shortName": "nrgheat2",
    "value": undefined,
  },
  {
    "entity": {
      "counter": false,
      "fullName": "dhw energy 2",
      "literals": undefined,
      "max": undefined,
      "min": undefined,
      "shortName": "nrg2",
      "type": "number",
      "unit": "kWh",
      "writable": false,
    },
    "shortName": "dhw.nrg2",
    "value": undefined,
  },
  {
    "entity": {
      "counter": false,
      "fullName": "dhw turn on/off",
      "literals": undefined,
      "max": undefined,
      "min": undefined,
      "shortName": "tapactivated",
      "type": "boolean",
      "unit": undefined,
      "writable": true,
    },
    "shortName": "dhw.tapactivated",
    "value": undefined,
  },
  {
    "entity": {
      "counter": false,
      "fullName": "dhw set temperature",
      "literals": undefined,
      "max": undefined,
      "min": undefined,
      "shortName": "settemp",
      "type": "number",
      "unit": "°C",
      "writable": false,
    },
    "shortName": "dhw.settemp",
    "value": 61,
  },
  {
    "entity": {
      "counter": false,
      "fullName": "dhw selected temperature",
      "literals": undefined,
      "max": 254,
      "min": 0,
      "shortName": "seltemp",
      "type": "number",
      "unit": "°C",
      "writable": true,
    },
    "shortName": "dhw.seltemp",
    "value": 60,
  },
  {
    "entity": {
      "counter": false,
      "fullName": "dhw selected lower temperature",
      "literals": undefined,
      "max": 254,
      "min": 0,
      "shortName": "seltemplow",
      "type": "number",
      "unit": "°C",
      "writable": true,
    },
    "shortName": "dhw.seltemplow",
    "value": undefined,
  },
  {
    "entity": {
      "counter": false,
      "fullName": "dhw selected eco+ temperature",
      "literals": undefined,
      "max": 254,
      "min": 0,
      "shortName": "tempecoplus",
      "type": "number",
      "unit": "°C",
      "writable": true,
    },
    "shortName": "dhw.tempecoplus",
    "value": undefined,
  },
  {
    "entity": {
      "counter": false,
      "fullName": "dhw selected temperature for off",
      "literals": undefined,
      "max": undefined,
      "min": undefined,
      "shortName": "seltempoff",
      "type": "number",
      "unit": "°C",
      "writable": false,
    },
    "shortName": "dhw.seltempoff",
    "value": undefined,
  },
  {
    "entity": {
      "counter": false,
      "fullName": "dhw single charge temperature",
      "literals": undefined,
      "max": 254,
      "min": 0,
      "shortName": "seltempsingle",
      "type": "number",
      "unit": "°C",
      "writable": true,
    },
    "shortName": "dhw.seltempsingle",
    "value": undefined,
  },
  {
    "entity": {
      "counter": false,
      "fullName": "dhw solar boiler temperature",
      "literals": undefined,
      "max": undefined,
      "min": undefined,
      "shortName": "solartemp",
      "type": "number",
      "unit": "°C",
      "writable": false,
    },
    "shortName": "dhw.solartemp",
    "value": undefined,
  },
  {
    "entity": {
      "counter": false,
      "fullName": "dhw type",
      "literals": [
        "off",
        "flow",
        "buffered flow",
        "buffer",
        "layered buffer",
      ],
      "max": undefined,
      "min": undefined,
      "shortName": "type",
      "type": "enum",
      "unit": undefined,
      "writable": false,
    },
    "shortName": "dhw.type",
    "value": "buffer",
  },
  {
    "entity": {
      "counter": false,
      "fullName": "dhw comfort",
      "literals": [
        "hot",
        "eco",
        "intelligent",
      ],
      "max": undefined,
      "min": undefined,
      "shortName": "comfort",
      "type": "enum",
      "unit": undefined,
      "writable": true,
    },
    "shortName": "dhw.comfort",
    "value": "hot",
  },
  {
    "entity": {
      "counter": false,
      "fullName": "dhw comfort mode",
      "literals": [
        "high comfort",
        "eco",
      ],
      "max": undefined,
      "min": undefined,
      "shortName": "comfort1",
      "type": "enum",
      "unit": undefined,
      "writable": true,
    },
    "shortName": "dhw.comfort1",
    "value": undefined,
  },
  {
    "entity": {
      "counter": false,
      "fullName": "dhw flow temperature offset",
      "literals": undefined,
      "max": 100,
      "min": 0,
      "shortName": "flowtempoffset",
      "type": "number",
      "unit": "°C",
      "writable": true,
    },
    "shortName": "dhw.flowtempoffset",
    "value": 20,
  },
  {
    "entity": {
      "counter": false,
      "fullName": "dhw charge optimization",
      "literals": undefined,
      "max": undefined,
      "min": undefined,
      "shortName": "chargeoptimization",
      "type": "boolean",
      "unit": undefined,
      "writable": true,
    },
    "shortName": "dhw.chargeoptimization",
    "value": undefined,
  },
  {
    "entity": {
      "counter": false,
      "fullName": "dhw max power",
      "literals": undefined,
      "max": 100,
      "min": 17,
      "shortName": "maxpower",
      "type": "number",
      "unit": "%",
      "writable": true,
    },
    "shortName": "dhw.maxpower",
    "value": undefined,
  },
  {
    "entity": {
      "counter": false,
      "fullName": "dhw maximum temperature",
      "literals": undefined,
      "max": 80,
      "min": 0,
      "shortName": "maxtemp",
      "type": "number",
      "unit": "°C",
      "writable": true,
    },
    "shortName": "dhw.maxtemp",
    "value": undefined,
  },
  {
    "entity": {
      "counter": false,
      "fullName": "dhw circulation pump available",
      "literals": undefined,
      "max": undefined,
      "min": undefined,
      "shortName": "circpump",
      "type": "boolean",
      "unit": undefined,
      "writable": true,
    },
    "shortName": "dhw.circpump",
    "value": true,
  },
  {
    "entity": {
      "counter": false,
      "fullName": "dhw charging type",
      "literals": [
        "chargepump",
        "3-way valve",
      ],
      "max": undefined,
      "min": undefined,
      "shortName": "chargetype",
      "type": "enum",
      "unit": undefined,
      "writable": false,
    },
    "shortName": "dhw.chargetype",
    "value": "3-way valve",
  },
  {
    "entity": {
      "counter": false,
      "fullName": "dhw hysteresis on temperature",
      "literals": undefined,
      "max": 126,
      "min": -126,
      "shortName": "hyston",
      "type": "number",
      "unit": "°C",
      "writable": true,
    },
    "shortName": "dhw.hyston",
    "value": -11,
  },
  {
    "entity": {
      "counter": false,
      "fullName": "dhw hysteresis off temperature",
      "literals": undefined,
      "max": 126,
      "min": -126,
      "shortName": "hystoff",
      "type": "number",
      "unit": "°C",
      "writable": true,
    },
    "shortName": "dhw.hystoff",
    "value": 0,
  },
  {
    "entity": {
      "counter": false,
      "fullName": "dhw disinfection temperature",
      "literals": undefined,
      "max": 80,
      "min": 60,
      "shortName": "disinfectiontemp",
      "type": "number",
      "unit": "°C",
      "writable": true,
    },
    "shortName": "dhw.disinfectiontemp",
    "value": 70,
  },
  {
    "entity": {
      "counter": false,
      "fullName": "dhw circulation pump mode",
      "literals": [
        "off",
        "1x3min",
        "2x3min",
        "3x3min",
        "4x3min",
        "5x3min",
        "6x3min",
        "continuous",
      ],
      "max": undefined,
      "min": undefined,
      "shortName": "circmode",
      "type": "enum",
      "unit": undefined,
      "writable": true,
    },
    "shortName": "dhw.circmode",
    "value": "2x3min",
  },
  {
    "entity": {
      "counter": false,
      "fullName": "dhw circulation active",
      "literals": undefined,
      "max": undefined,
      "min": undefined,
      "shortName": "circ",
      "type": "boolean",
      "unit": undefined,
      "writable": true,
    },
    "shortName": "dhw.circ",
    "value": false,
  },
  {
    "entity": {
      "counter": false,
      "fullName": "dhw current intern temperature",
      "literals": undefined,
      "max": undefined,
      "min": undefined,
      "shortName": "curtemp",
      "type": "number",
      "unit": "°C",
      "writable": false,
    },
    "shortName": "dhw.curtemp",
    "value": 46.8,
  },
  {
    "entity": {
      "counter": false,
      "fullName": "dhw current extern temperature",
      "literals": undefined,
      "max": undefined,
      "min": undefined,
      "shortName": "curtemp2",
      "type": "number",
      "unit": "°C",
      "writable": false,
    },
    "shortName": "dhw.curtemp2",
    "value": 60.1,
  },
  {
    "entity": {
      "counter": false,
      "fullName": "dhw current tap water flow",
      "literals": undefined,
      "max": undefined,
      "min": undefined,
      "shortName": "curflow",
      "type": "number",
      "unit": "l/min",
      "writable": false,
    },
    "shortName": "dhw.curflow",
    "value": 0,
  },
  {
    "entity": {
      "counter": false,
      "fullName": "dhw storage intern temperature",
      "literals": undefined,
      "max": undefined,
      "min": undefined,
      "shortName": "storagetemp1",
      "type": "number",
      "unit": "°C",
      "writable": false,
    },
    "shortName": "dhw.storagetemp1",
    "value": 46.6,
  },
  {
    "entity": {
      "counter": false,
      "fullName": "dhw storage extern temperature",
      "literals": undefined,
      "max": undefined,
      "min": undefined,
      "shortName": "storagetemp2",
      "type": "number",
      "unit": "°C",
      "writable": false,
    },
    "shortName": "dhw.storagetemp2",
    "value": 59.9,
  },
  {
    "entity": {
      "counter": false,
      "fullName": "dhw activated",
      "literals": undefined,
      "max": undefined,
      "min": undefined,
      "shortName": "activated",
      "type": "boolean",
      "unit": undefined,
      "writable": true,
    },
    "shortName": "dhw.activated",
    "value": true,
  },
  {
    "entity": {
      "counter": false,
      "fullName": "dhw one time charging",
      "literals": undefined,
      "max": undefined,
      "min": undefined,
      "shortName": "onetime",
      "type": "boolean",
      "unit": undefined,
      "writable": true,
    },
    "shortName": "dhw.onetime",
    "value": false,
  },
  {
    "entity": {
      "counter": false,
      "fullName": "dhw disinfecting",
      "literals": undefined,
      "max": undefined,
      "min": undefined,
      "shortName": "disinfecting",
      "type": "boolean",
      "unit": undefined,
      "writable": true,
    },
    "shortName": "dhw.disinfecting",
    "value": false,
  },
  {
    "entity": {
      "counter": false,
      "fullName": "dhw charging",
      "literals": undefined,
      "max": undefined,
      "min": undefined,
      "shortName": "charging",
      "type": "boolean",
      "unit": undefined,
      "writable": false,
    },
    "shortName": "dhw.charging",
    "value": false,
  },
  {
    "entity": {
      "counter": false,
      "fullName": "dhw recharging",
      "literals": undefined,
      "max": undefined,
      "min": undefined,
      "shortName": "recharging",
      "type": "boolean",
      "unit": undefined,
      "writable": false,
    },
    "shortName": "dhw.recharging",
    "value": false,
  },
  {
    "entity": {
      "counter": false,
      "fullName": "dhw temperature ok",
      "literals": undefined,
      "max": undefined,
      "min": undefined,
      "shortName": "tempok",
      "type": "boolean",
      "unit": undefined,
      "writable": false,
    },
    "shortName": "dhw.tempok",
    "value": true,
  },
  {
    "entity": {
      "counter": false,
      "fullName": "dhw active",
      "literals": undefined,
      "max": undefined,
      "min": undefined,
      "shortName": "active",
      "type": "boolean",
      "unit": undefined,
      "writable": false,
    },
    "shortName": "dhw.active",
    "value": false,
  },
  {
    "entity": {
      "counter": false,
      "fullName": "dhw 3-way valve active",
      "literals": undefined,
      "max": undefined,
      "min": undefined,
      "shortName": "3wayvalve",
      "type": "boolean",
      "unit": undefined,
      "writable": false,
    },
    "shortName": "dhw.3wayvalve",
    "value": false,
  },
  {
    "entity": {
      "counter": false,
      "fullName": "dhw mixer temperature",
      "literals": undefined,
      "max": undefined,
      "min": undefined,
      "shortName": "mixertemp",
      "type": "number",
      "unit": "°C",
      "writable": false,
    },
    "shortName": "dhw.mixertemp",
    "value": undefined,
  },
  {
    "entity": {
      "counter": false,
      "fullName": "dhw cylinder middle temperature (TS3)",
      "literals": undefined,
      "max": undefined,
      "min": undefined,
      "shortName": "cylmiddletemp",
      "type": "number",
      "unit": "°C",
      "writable": false,
    },
    "shortName": "dhw.cylmiddletemp",
    "value": undefined,
  },
  {
    "entity": {
      "counter": false,
      "fullName": "dhw starts",
      "literals": undefined,
      "max": undefined,
      "min": undefined,
      "shortName": "starts",
      "type": "number",
      "unit": undefined,
      "writable": false,
    },
    "shortName": "dhw.starts",
    "value": 29534,
  },
  {
    "entity": {
      "counter": false,
      "fullName": "dhw active time",
      "literals": undefined,
      "max": undefined,
      "min": undefined,
      "shortName": "workm",
      "type": "number",
      "unit": "minutes",
      "writable": false,
    },
    "shortName": "dhw.workm",
    "value": 192922,
  },
  {
    "entity": {
      "counter": false,
      "fullName": "nominal Power",
      "literals": undefined,
      "max": 254,
      "min": 0,
      "shortName": "nompower",
      "type": "number",
      "unit": "kW",
      "writable": true,
    },
    "shortName": "nompower",
    "value": 30,
  },
  {
    "entity": {
      "counter": false,
      "fullName": "total energy",
      "literals": undefined,
      "max": undefined,
      "min": undefined,
      "shortName": "nrgtotal",
      "type": "number",
      "unit": "kWh",
      "writable": false,
    },
    "shortName": "nrgtotal",
    "value": 67.7,
  },
  {
    "entity": {
      "counter": true,
      "fullName": "energy heating",
      "literals": undefined,
      "max": 10000000,
      "min": 0,
      "shortName": "nrgheat",
      "type": "number",
      "unit": "kWh",
      "writable": true,
    },
    "shortName": "nrgheat",
    "value": 67.23,
  },
  {
    "entity": {
      "counter": true,
      "fullName": "dhw energy",
      "literals": undefined,
      "max": 10000000,
      "min": 0,
      "shortName": "nrg",
      "type": "number",
      "unit": "kWh",
      "writable": true,
    },
    "shortName": "dhw.nrg",
    "value": 0.47,
  },
]
`;
